<html>
<body>
<pre>
<h1>µVision Build Log</h1>
<h2>Tool Versions:</h2>
IDE-Version: µVision V5.21.1.0
Copyright (C) 2016 ARM Ltd and ARM Germany GmbH. All rights reserved.
License Information: Andrea Milanta, Polimi, LIC=UB4HL-0ZXAL-17HRR-KKZFD-TM53Y-ES9V7
 
Tool Versions:
Toolchain:       MDK-ARM Professional  Version: 5.21a
Toolchain Path:  C:\Keil_v5\ARM\ARMCC\Bin
C Compiler:      Armcc.exe V5.06 update 3 (build 300)
Assembler:       Armasm.exe V5.06 update 3 (build 300)
Linker/Locator:  ArmLink.exe V5.06 update 3 (build 300)
Library Manager: ArmAr.exe V5.06 update 3 (build 300)
Hex Converter:   FromElf.exe V5.06 update 3 (build 300)
CPU DLL:         SARMCM3.DLL V5.21a
Dialog DLL:      DCM.DLL V1.13.8.0
Target DLL:      STLink\ST-LINKIII-KEIL_SWO.dll V2.0.18.0
Dialog DLL:      TCM.DLL V1.14.14.0
 
<h2>Project:</h2>
D:\Projects\C\Nucleo-Test\MDK-ARM\Nucleo-Test.uvprojx
Project File Date:  02/07/2018

<h2>Output:</h2>
*** Using Compiler 'V5.06 update 3 (build 300)', folder: 'C:\Keil_v5\ARM\ARMCC\Bin'
Build target 'Nucleo-Test'
assembling startup_stm32f767xx.s...
compiling stm32f7xx_hal_dma.c...
compiling stm32f7xx_hal_gpio.c...
compiling stm32f7xx_hal_tim.c...
compiling stm32f7xx_hal_eth.c...
compiling stm32f7xx_ll_usb.c...
compiling stm32f7xx_hal_dma_ex.c...
compiling stm32f7xx_hal_pcd.c...
compiling stm32f7xx_hal_rcc_ex.c...
compiling stm32f7xx_hal_i2c.c...
compiling stm32f7xx_hal_cortex.c...
compiling stm32f7xx_hal_uart.c...
compiling stm32f7xx_hal_rcc.c...
compiling stm32f7xx_hal_flash.c...
compiling stm32f7xx_hal_flash_ex.c...
compiling stm32f7xx_hal.c...
compiling stm32f7xx_hal_i2c_ex.c...
compiling stm32f7xx_hal_pwr.c...
compiling stm32f7xx_hal_pwr_ex.c...
compiling stm32f7xx_hal_pcd_ex.c...
compiling stm32f7xx_hal_tim_ex.c...
compiling stm32f7xx_hal_can.c...
compiling usart.c...
compiling gpio.c...
compiling eth.c...
compiling stm32f7xx_hal_msp.c...
compiling usb_otg.c...
compiling can.c...
compiling stm32f7xx_it.c...
compiling main.c...
compiling system_stm32f7xx.c...
linking...
Program Size: Code=4576 RO-data=552 RW-data=16 ZI-data=1536  
"Nucleo-Test\Nucleo-Test.axf" - 0 Error(s), 0 Warning(s).

<h2>Software Packages used:</h2>

Package Vendor: ARM
                http://www.keil.com/pack/ARM.CMSIS.5.2.0.pack
                ARM::CMSIS:CORE:5.0.2
                CMSIS (Cortex Microcontroller Software Interface Standard)
   * Component: CORE Version: 5.0.2

<h2>Collection of Component include folders:</h2>
  D:\Projects\C\Nucleo-Test\MDK-ARM\RTE
  C:\Keil_v5\ARM\PACK\ARM\CMSIS\5.2.0\CMSIS\Include
  C:\Keil_v5\ARM\PACK\Keil\STM32F7xx_DFP\2.9.0\Drivers\CMSIS\Device\ST\STM32F7xx\Include

<h2>Collection of Component Files used:</h2>

   * Component: ARM::CMSIS:CORE:5.0.2
Build Time Elapsed:  00:02:00
</pre>
</body>
</html>
